\BOOKMARK [1][-]{appendix.A}{\376\377\000M\000a\000t\000h\000e\000m\000a\000t\000i\000c\000a\000l\000\040\000F\000o\000u\000n\000d\000a\000t\000i\000o\000n\000s}{}% 1
\BOOKMARK [2][-]{subsection.A.1}{\376\377\000A\000l\000g\000o\000r\000i\000t\000h\000m\000\040\000S\000p\000e\000c\000i\000f\000i\000c\000a\000t\000i\000o\000n}{appendix.A}% 2
\BOOKMARK [2][-]{subsection.A.2}{\376\377\000C\000o\000m\000p\000o\000s\000i\000t\000e\000\040\000R\000e\000g\000r\000e\000t\000\040\000B\000o\000u\000n\000d\000\040\000f\000o\000r\000\040\000L\000i\000n\000U\000C\000B\000\040\000u\000n\000d\000e\000r\000\040\000C\000o\000r\000r\000a\000l\000l\000i\000n\000g}{appendix.A}% 3
\BOOKMARK [3][-]{subsubsection.A.2.1}{\376\377\000S\000e\000t\000u\000p\000\040\000a\000n\000d\000\040\000N\000o\000t\000a\000t\000i\000o\000n}{subsection.A.2}% 4
\BOOKMARK [3][-]{subsubsection.A.2.2}{\376\377\000L\000e\000v\000e\000l\000\040\0001\000:\000\040\000P\000e\000r\000-\000E\000x\000p\000e\000r\000t\000\040\000R\000e\000g\000r\000e\000t\000\040\000\050\000H\000y\000b\000r\000i\000d\000\040\000L\000i\000n\000U\000C\000B\000\051}{subsection.A.2}% 5
\BOOKMARK [3][-]{subsubsection.A.2.3}{\376\377\000L\000e\000v\000e\000l\000\040\0002\000:\000\040\000M\000e\000t\000a\000-\000R\000e\000g\000r\000e\000t\000\040\000\050\000E\000x\000p\0004\000/\000C\000o\000r\000r\000a\000l\000l\000i\000n\000g\000\051}{subsection.A.2}% 6
\BOOKMARK [3][-]{subsubsection.A.2.4}{\376\377\000C\000o\000m\000p\000o\000s\000i\000t\000e\000\040\000S\000y\000s\000t\000e\000m\000\040\000R\000e\000g\000r\000e\000t}{subsection.A.2}% 7
\BOOKMARK [2][-]{subsection.A.3}{\376\377\000S\000a\000f\000e\000t\000y\000\040\000G\000u\000a\000r\000a\000n\000t\000e\000e\000:\000\040\000E\000x\000p\000e\000r\000t\000\040\000D\000e\000a\000t\000h\000\040\000P\000r\000e\000v\000e\000n\000t\000i\000o\000n\000\040\000v\000i\000a\000\040\000-\000M\000i\000x\000i\000n\000g}{appendix.A}% 8
\BOOKMARK [3][-]{subsubsection.A.3.1}{\376\377\000P\000r\000o\000b\000a\000b\000i\000l\000i\000t\000y\000\040\000F\000l\000o\000o\000r}{subsection.A.3}% 9
\BOOKMARK [3][-]{subsubsection.A.3.2}{\376\377\000B\000o\000u\000n\000d\000e\000d\000\040\000I\000m\000p\000o\000r\000t\000a\000n\000c\000e\000\040\000W\000e\000i\000g\000h\000t\000s}{subsection.A.3}% 10
\BOOKMARK [3][-]{subsubsection.A.3.3}{\376\377\000R\000e\000c\000o\000v\000e\000r\000y\000\040\000A\000f\000t\000e\000r\000\040\000D\000i\000s\000t\000r\000i\000b\000u\000t\000i\000o\000n\000\040\000S\000h\000i\000f\000t}{subsection.A.3}% 11
\BOOKMARK [3][-]{subsubsection.A.3.4}{\376\377\000T\000h\000e\000\040\000E\000x\000p\000l\000o\000r\000a\000t\000i\000o\000n\040\023\000E\000x\000p\000l\000o\000i\000t\000a\000t\000i\000o\000n\000\040\000T\000r\000a\000d\000e\000-\000o\000f\000f\000\040\000a\000t\000\040\000t\000h\000e\000\040\000M\000e\000t\000a\000\040\000L\000e\000v\000e\000l}{subsection.A.3}% 12
\BOOKMARK [3][-]{subsubsection.A.3.5}{\376\377\000E\000m\000p\000i\000r\000i\000c\000a\000l\000\040\000V\000a\000l\000i\000d\000a\000t\000i\000o\000n\000:\000\040\000C\000o\000r\000r\000a\000l\000l\000i\000n\000g\000\040\000H\000y\000p\000e\000r\000p\000a\000r\000a\000m\000e\000t\000e\000r\000\040\000A\000b\000l\000a\000t\000i\000o\000n}{subsection.A.3}% 13
\BOOKMARK [2][-]{subsection.A.4}{\376\377\000W\000a\000r\000m\000u\000p\000\040\000P\000r\000i\000o\000r\000\040\000T\000r\000a\000n\000s\000f\000e\000r\000:\000\040\000A\000c\000c\000e\000l\000e\000r\000a\000t\000i\000o\000n\000,\000\040\000R\000i\000s\000k\000,\000\040\000a\000n\000d\000\040\000L\000i\000m\000i\000t\000a\000t\000i\000o\000n\000s}{appendix.A}% 14
\BOOKMARK [3][-]{subsubsection.A.4.1}{\376\377\000P\000r\000i\000o\000r\000\040\000I\000n\000i\000t\000i\000a\000l\000i\000z\000a\000t\000i\000o\000n\000\040\000a\000n\000d\000\040\000E\000f\000f\000e\000c\000t\000i\000v\000e\000\040\000S\000a\000m\000p\000l\000e\000\040\000S\000i\000z\000e}{subsection.A.4}% 15
\BOOKMARK [3][-]{subsubsection.A.4.2}{\376\377\000A\000c\000c\000e\000l\000e\000r\000a\000t\000i\000o\000n\000\040\000U\000n\000d\000e\000r\000\040\000A\000c\000c\000u\000r\000a\000t\000e\000\040\000P\000r\000i\000o\000r\000s}{subsection.A.4}% 16
\BOOKMARK [3][-]{subsubsection.A.4.3}{\376\377\000R\000i\000s\000k\000\040\000U\000n\000d\000e\000r\000\040\000M\000i\000s\000s\000p\000e\000c\000i\000f\000i\000e\000d\000\040\000P\000r\000i\000o\000r\000s}{subsection.A.4}% 17
\BOOKMARK [3][-]{subsubsection.A.4.4}{\376\377\000H\000o\000w\000\040\000C\000o\000r\000r\000a\000l\000l\000i\000n\000g\000\040\000B\000o\000u\000n\000d\000s\000\040\000N\000e\000g\000a\000t\000i\000v\000e\000\040\000T\000r\000a\000n\000s\000f\000e\000r}{subsection.A.4}% 18
\BOOKMARK [3][-]{subsubsection.A.4.5}{\376\377\000C\000o\000r\000r\000e\000c\000t\000\040\000v\000s\000.\000\040\000N\000a\000i\000v\000e\000\040\000P\000r\000i\000o\000r\000\040\000I\000n\000j\000e\000c\000t\000i\000o\000n}{subsection.A.4}% 19
\BOOKMARK [3][-]{subsubsection.A.4.6}{\376\377\000K\000n\000o\000w\000n\000\040\000L\000i\000m\000i\000t\000a\000t\000i\000o\000n\000s}{subsection.A.4}% 20
\BOOKMARK [1][-]{appendix.B}{\376\377\000D\000a\000t\000a\000s\000e\000t\000\040\000D\000e\000t\000a\000i\000l\000s}{}% 21
\BOOKMARK [2][-]{subsection.B.1}{\376\377\000V\000a\000l\000i\000d\000a\000t\000i\000o\000n\000\040\000M\000e\000t\000h\000o\000d\000o\000l\000o\000g\000y}{appendix.B}% 22
\BOOKMARK [3][-]{subsubsection.B.1.1}{\376\377\000E\000x\000p\000e\000r\000i\000m\000e\000n\000t\000a\000l\000\040\000D\000e\000s\000i\000g\000n}{subsection.B.1}% 23
\BOOKMARK [3][-]{subsubsection.B.1.2}{\376\377\000S\000t\000a\000t\000i\000s\000t\000i\000c\000a\000l\000\040\000T\000e\000s\000t\000s}{subsection.B.1}% 24
\BOOKMARK [3][-]{subsubsection.B.1.3}{\376\377\000D\000e\000s\000i\000g\000n\000\040\000R\000a\000t\000i\000o\000n\000a\000l\000e}{subsection.B.1}% 25
\BOOKMARK [3][-]{subsubsection.B.1.4}{\376\377\000S\000t\000r\000a\000t\000i\000f\000i\000c\000a\000t\000i\000o\000n\000\040\000a\000n\000d\000\040\000G\000e\000n\000e\000r\000a\000l\000i\000z\000a\000b\000i\000l\000i\000t\000y}{subsection.B.1}% 26
\BOOKMARK [3][-]{subsubsection.B.1.5}{\376\377\000S\000u\000m\000m\000a\000r\000y}{subsection.B.1}% 27
\BOOKMARK [2][-]{subsection.B.2}{\376\377\000C\000r\000o\000s\000s\000-\000D\000o\000m\000a\000i\000n\000\040\000T\000r\000a\000n\000s\000f\000e\000r\000\040\000a\000n\000d\000\040\000F\000e\000a\000t\000u\000r\000e\000\040\000P\000i\000p\000e\000l\000i\000n\000e}{appendix.B}% 28
\BOOKMARK [3][-]{subsubsection.B.2.1}{\376\377\000D\000a\000t\000a\000\040\000P\000r\000o\000v\000e\000n\000a\000n\000c\000e\000\040\000a\000n\000d\000\040\000I\000n\000d\000e\000p\000e\000n\000d\000e\000n\000c\000e}{subsection.B.2}% 29
\BOOKMARK [3][-]{subsubsection.B.2.2}{\376\377\000F\000e\000a\000t\000u\000r\000e\000\040\000E\000x\000t\000r\000a\000c\000t\000i\000o\000n\000\040\000P\000i\000p\000e\000l\000i\000n\000e}{subsection.B.2}% 30
\BOOKMARK [3][-]{subsubsection.B.2.3}{\376\377\000P\000C\000A\000\040\000V\000a\000r\000i\000a\000n\000c\000e\000\040\000a\000n\000d\000\040\000R\000o\000u\000t\000i\000n\000g\000\040\000S\000i\000g\000n\000a\000l}{subsection.B.2}% 31
\BOOKMARK [3][-]{subsubsection.B.2.4}{\376\377\000M\000u\000l\000t\000i\000-\000M\000o\000d\000e\000l\000\040\000E\000v\000a\000l\000u\000a\000t\000i\000o\000n\000\040\000D\000a\000t\000a\000\040\000\050\000K\000>\0002\000\051}{subsection.B.2}% 32
\BOOKMARK [3][-]{subsubsection.B.2.5}{\376\377\000L\000i\000m\000i\000t\000a\000t\000i\000o\000n\000s}{subsection.B.2}% 33
\BOOKMARK [2][-]{subsection.B.3}{\376\377\000R\000e\000w\000a\000r\000d\000\040\000S\000i\000g\000n\000a\000l\000\040\000S\000p\000e\000c\000i\000f\000i\000c\000a\000t\000i\000o\000n}{appendix.B}% 34
\BOOKMARK [3][-]{subsubsection.B.3.1}{\376\377\000D\000e\000f\000i\000n\000i\000t\000i\000o\000n}{subsection.B.3}% 35
\BOOKMARK [3][-]{subsubsection.B.3.2}{\376\377\000J\000u\000d\000g\000e\000\040\000M\000o\000d\000e\000l}{subsection.B.3}% 36
\BOOKMARK [3][-]{subsubsection.B.3.3}{\376\377\000J\000u\000d\000g\000e\000\040\000C\000o\000n\000s\000i\000s\000t\000e\000n\000c\000y}{subsection.B.3}% 37
\BOOKMARK [3][-]{subsubsection.B.3.4}{\376\377\000K\000n\000o\000w\000n\000\040\000L\000i\000m\000i\000t\000a\000t\000i\000o\000n\000s\000\040\000a\000n\000d\000\040\000M\000i\000t\000i\000g\000a\000t\000i\000o\000n\000s}{subsection.B.3}% 38
\BOOKMARK [1][-]{appendix.C}{\376\377\000E\000x\000t\000e\000n\000d\000e\000d\000\040\000E\000x\000p\000e\000r\000i\000m\000e\000n\000t\000a\000l\000\040\000R\000e\000s\000u\000l\000t\000s}{}% 39
\BOOKMARK [2][-]{subsection.C.1}{\376\377\000C\000a\000t\000a\000s\000t\000r\000o\000p\000h\000i\000c\000\040\000F\000a\000i\000l\000u\000r\000e\000\040\000D\000e\000t\000e\000c\000t\000i\000o\000n\000:\000\040\0005\000-\000M\000o\000d\000e\000l\000\040\000P\000o\000r\000t\000f\000o\000l\000i\000o}{appendix.C}% 40
\BOOKMARK [3][-]{subsubsection.C.1.1}{\376\377\000M\000o\000t\000i\000v\000a\000t\000i\000o\000n\000:\000\040\000A\000u\000t\000o\000m\000a\000t\000i\000c\000\040\000F\000a\000i\000l\000o\000v\000e\000r\000\040\000a\000s\000\040\000a\000\040\000S\000e\000c\000o\000n\000d\000a\000r\000y\000\040\000B\000e\000n\000e\000f\000i\000t}{subsection.C.1}% 41
\BOOKMARK [3][-]{subsubsection.C.1.2}{\376\377\000E\000x\000p\000e\000r\000i\000m\000e\000n\000t\000a\000l\000\040\000S\000e\000t\000u\000p}{subsection.C.1}% 42
\BOOKMARK [3][-]{subsubsection.C.1.3}{\376\377\000R\000e\000s\000u\000l\000t\000s\000\040\000\050\000N\000=\0002\0000\000\040\000S\000e\000e\000d\000s\000\051}{subsection.C.1}% 43
\BOOKMARK [3][-]{subsubsection.C.1.4}{\376\377\000P\000o\000r\000t\000f\000o\000l\000i\000o\000\040\000S\000i\000z\000e\000\040\000S\000c\000a\000l\000i\000n\000g}{subsection.C.1}% 44
\BOOKMARK [3][-]{subsubsection.C.1.5}{\376\377\000I\000n\000t\000e\000r\000p\000r\000e\000t\000a\000t\000i\000o\000n}{subsection.C.1}% 45
\BOOKMARK [3][-]{subsubsection.C.1.6}{\376\377\000R\000e\000p\000r\000o\000d\000u\000c\000i\000b\000i\000l\000i\000t\000y}{subsection.C.1}% 46
\BOOKMARK [2][-]{subsection.C.2}{\376\377\000A\000r\000c\000h\000i\000t\000e\000c\000t\000u\000r\000a\000l\000\040\000A\000b\000l\000a\000t\000i\000o\000n\000:\000\040\000C\000o\000m\000p\000o\000n\000e\000n\000t\000\040\000C\000o\000n\000t\000r\000i\000b\000u\000t\000i\000o\000n\000s}{appendix.C}% 47
\BOOKMARK [3][-]{subsubsection.C.2.1}{\376\377\000M\000e\000t\000h\000o\000d\000s}{subsection.C.2}% 48
\BOOKMARK [3][-]{subsubsection.C.2.2}{\376\377\000R\000e\000s\000u\000l\000t\000s\000\040\000a\000t\000\040\000=\000\040\0000\000\040\000\050\000Q\000u\000a\000l\000i\000t\000y\000-\000F\000o\000c\000u\000s\000e\000d\000\051}{subsection.C.2}% 49
\BOOKMARK [3][-]{subsubsection.C.2.3}{\376\377\000K\000e\000y\000\040\000F\000i\000n\000d\000i\000n\000g\000s}{subsection.C.2}% 50
\BOOKMARK [3][-]{subsubsection.C.2.4}{\376\377\000P\000r\000a\000c\000t\000i\000c\000a\000l\000\040\000G\000u\000i\000d\000a\000n\000c\000e}{subsection.C.2}% 51
\BOOKMARK [3][-]{subsubsection.C.2.5}{\376\377\000C\000o\000s\000t\000-\000Q\000u\000a\000l\000i\000t\000y\000\040\000T\000r\000a\000d\000e\000-\000O\000f\000f\000\040\000A\000c\000r\000o\000s\000s\000\040\000\040\000S\000w\000e\000e\000p}{subsection.C.2}% 52
\BOOKMARK [3][-]{subsubsection.C.2.6}{\376\377\000R\000e\000p\000r\000o\000d\000u\000c\000i\000b\000i\000l\000i\000t\000y}{subsection.C.2}% 53
\BOOKMARK [2][-]{subsection.C.3}{\376\377\000C\000o\000l\000d\000-\000S\000t\000a\000r\000t\000\040\000A\000b\000l\000a\000t\000i\000o\000n\000:\000\040\000V\000a\000l\000u\000e\000\040\000o\000f\000\040\000D\000e\000v\000-\000S\000e\000t\000\040\000T\000r\000a\000i\000n\000i\000n\000g}{appendix.C}% 54
\BOOKMARK [3][-]{subsubsection.C.3.1}{\376\377\000R\000e\000s\000u\000l\000t\000s}{subsection.C.3}% 55
\BOOKMARK [3][-]{subsubsection.C.3.2}{\376\377\000K\000e\000y\000\040\000F\000i\000n\000d\000i\000n\000g\000s}{subsection.C.3}% 56
\BOOKMARK [3][-]{subsubsection.C.3.3}{\376\377\000D\000e\000p\000l\000o\000y\000m\000e\000n\000t\000\040\000G\000u\000i\000d\000a\000n\000c\000e}{subsection.C.3}% 57
\BOOKMARK [3][-]{subsubsection.C.3.4}{\376\377\000R\000e\000p\000r\000o\000d\000u\000c\000i\000b\000i\000l\000i\000t\000y}{subsection.C.3}% 58
\BOOKMARK [2][-]{subsection.C.4}{\376\377\000D\000e\000t\000a\000i\000l\000e\000d\000\040\000P\000a\000r\000e\000t\000o\000\040\000F\000r\000o\000n\000t\000i\000e\000r\000\040\000R\000e\000s\000u\000l\000t\000s}{appendix.C}% 59
\BOOKMARK [2][-]{subsection.C.5}{\376\377\000H\000y\000p\000e\000r\000p\000a\000r\000a\000m\000e\000t\000e\000r\000\040\000S\000e\000n\000s\000i\000t\000i\000v\000i\000t\000y}{appendix.C}% 60
\BOOKMARK [3][-]{subsubsection.C.5.1}{\376\377\000C\000o\000r\000r\000a\000l\000l\000i\000n\000g\000\040\000L\000e\000a\000r\000n\000i\000n\000g\000\040\000R\000a\000t\000e\000\040\000\050\000\051}{subsection.C.5}% 61
\BOOKMARK [3][-]{subsubsection.C.5.2}{\376\377\000U\000C\000B\000\040\000E\000x\000p\000l\000o\000r\000a\000t\000i\000o\000n\000\040\000C\000o\000e\000f\000f\000i\000c\000i\000e\000n\000t\000\040\000\050\000s\000t\000a\000r\000t\000\051}{subsection.C.5}% 62
\BOOKMARK [3][-]{subsubsection.C.5.3}{\376\377\000I\000m\000p\000l\000i\000c\000a\000t\000i\000o\000n\000s}{subsection.C.5}% 63
\BOOKMARK [3][-]{subsubsection.C.5.4}{\376\377\000R\000e\000c\000o\000m\000m\000e\000n\000d\000e\000d\000\040\000D\000e\000f\000a\000u\000l\000t\000s}{subsection.C.5}% 64
\BOOKMARK [3][-]{subsubsection.C.5.5}{\376\377\000C\000a\000t\000a\000s\000t\000r\000o\000p\000h\000i\000c\000\040\000F\000a\000i\000l\000u\000r\000e\000\040\000D\000e\000t\000e\000c\000t\000i\000o\000n\000\040\000\050\000\040\000A\000b\000l\000a\000t\000i\000o\000n\000\051}{subsection.C.5}% 65
\BOOKMARK [3][-]{subsubsection.C.5.6}{\376\377\000R\000e\000p\000r\000o\000d\000u\000c\000i\000b\000i\000l\000i\000t\000y}{subsection.C.5}% 66
\BOOKMARK [2][-]{subsection.C.6}{\376\377\000L\000e\000a\000r\000n\000i\000n\000g\000\040\000C\000u\000r\000v\000e\000\040\000A\000n\000a\000l\000y\000s\000i\000s}{appendix.C}% 67
\BOOKMARK [3][-]{subsubsection.C.6.1}{\376\377\000H\000o\000l\000d\000o\000u\000t\000\040\000R\000e\000w\000a\000r\000d\000\040\000v\000s\000.\000\040\000B\000u\000r\000n\000-\000I\000n\000\040\000S\000t\000e\000p\000s}{subsection.C.6}% 68
\BOOKMARK [3][-]{subsubsection.C.6.2}{\376\377\000K\000e\000y\000\040\000F\000i\000n\000d\000i\000n\000g\000s}{subsection.C.6}% 69
\BOOKMARK [3][-]{subsubsection.C.6.3}{\376\377\000B\000u\000r\000n\000-\000I\000n\000\040\000L\000e\000n\000g\000t\000h\000\040\000R\000e\000c\000o\000m\000m\000e\000n\000d\000a\000t\000i\000o\000n\000s}{subsection.C.6}% 70
\BOOKMARK [3][-]{subsubsection.C.6.4}{\376\377\000R\000e\000p\000r\000o\000d\000u\000c\000i\000b\000i\000l\000i\000t\000y}{subsection.C.6}% 71
\BOOKMARK [2][-]{subsection.C.7}{\376\377\000S\000t\000a\000t\000i\000s\000t\000i\000c\000a\000l\000\040\000S\000i\000g\000n\000i\000f\000i\000c\000a\000n\000c\000e\000\040\000T\000e\000s\000t\000s}{appendix.C}% 72
\BOOKMARK [3][-]{subsubsection.C.7.1}{\376\377\000T\000e\000s\000t\000\040\000D\000e\000s\000i\000g\000n}{subsection.C.7}% 73
\BOOKMARK [3][-]{subsubsection.C.7.2}{\376\377\000R\000e\000s\000u\000l\000t\000s}{subsection.C.7}% 74
\BOOKMARK [3][-]{subsubsection.C.7.3}{\376\377\000I\000n\000t\000e\000r\000p\000r\000e\000t\000a\000t\000i\000o\000n}{subsection.C.7}% 75
\BOOKMARK [3][-]{subsubsection.C.7.4}{\376\377\000R\000e\000p\000r\000o\000d\000u\000c\000i\000b\000i\000l\000i\000t\000y}{subsection.C.7}% 76
\BOOKMARK [2][-]{subsection.C.8}{\376\377\000P\000C\000A\000\040\000D\000i\000m\000e\000n\000s\000i\000o\000n\000a\000l\000i\000t\000y\000,\000\040\000P\000r\000i\000o\000r\000\040\000S\000t\000r\000e\000n\000g\000t\000h\000,\000\040\000a\000n\000d\000\040\000C\000a\000l\000i\000b\000r\000a\000t\000i\000o\000n}{appendix.C}% 77
\BOOKMARK [3][-]{subsubsection.C.8.1}{\376\377\000P\000C\000A\000\040\000D\000i\000m\000e\000n\000s\000i\000o\000n\000a\000l\000i\000t\000y}{subsection.C.8}% 78
\BOOKMARK [3][-]{subsubsection.C.8.2}{\376\377\000P\000r\000i\000o\000r\000\040\000S\000t\000r\000e\000n\000g\000t\000h\000\040\000\050\000n\000e\000f\000f\000\051}{subsection.C.8}% 79
\BOOKMARK [3][-]{subsubsection.C.8.3}{\376\377\000C\000h\000o\000o\000s\000i\000n\000g\000\040\000d\000\040\000a\000n\000d\000\040\000n\000e\000f\000f\000\040\000i\000n\000\040\000P\000r\000a\000c\000t\000i\000c\000e}{subsection.C.8}% 80
\BOOKMARK [3][-]{subsubsection.C.8.4}{\376\377\000C\000a\000l\000i\000b\000r\000a\000t\000i\000o\000n\000\040\000A\000n\000a\000l\000y\000s\000i\000s}{subsection.C.8}% 81
\BOOKMARK [3][-]{subsubsection.C.8.5}{\376\377\000R\000e\000p\000r\000o\000d\000u\000c\000i\000b\000i\000l\000i\000t\000y}{subsection.C.8}% 82
\BOOKMARK [1][-]{appendix.D}{\376\377\000I\000m\000p\000l\000e\000m\000e\000n\000t\000a\000t\000i\000o\000n\000\040\000D\000e\000t\000a\000i\000l\000s}{}% 83
\BOOKMARK [2][-]{subsection.D.1}{\376\377\000C\000o\000n\000f\000i\000g\000u\000r\000a\000t\000i\000o\000n\000\040\000D\000e\000t\000a\000i\000l\000s}{appendix.D}% 84
\BOOKMARK [3][-]{subsubsection.D.1.1}{\376\377\000L\000i\000b\000r\000a\000r\000y\000\040\000R\000o\000u\000t\000e\000r\000\040\000P\000a\000r\000a\000m\000e\000t\000e\000r\000s}{subsection.D.1}% 85
\BOOKMARK [3][-]{subsubsection.D.1.2}{\376\377\000E\000x\000p\000e\000r\000i\000m\000e\000n\000t\000\040\000C\000o\000n\000f\000i\000g\000u\000r\000a\000t\000i\000o\000n\000s}{subsection.D.1}% 86
\BOOKMARK [3][-]{subsubsection.D.1.3}{\376\377\000C\000o\000s\000t\000\040\000P\000e\000n\000a\000l\000t\000y\000\040\000S\000w\000e\000e\000p\000s}{subsection.D.1}% 87
\BOOKMARK [3][-]{subsubsection.D.1.4}{\376\377\000L\000i\000n\000T\000S\000\040\000B\000a\000s\000e\000l\000i\000n\000e\000\040\000P\000a\000r\000a\000m\000e\000t\000e\000r\000s\000\040\000\050\000F\000i\000g\000u\000r\000e\000s\000\040\0008\000\040\000a\000n\000d\000\040\0009\000\051}{subsection.D.1}% 88
\BOOKMARK [3][-]{subsubsection.D.1.5}{\376\377\000M\000o\000d\000e\000l\000\040\000P\000o\000r\000t\000f\000o\000l\000i\000o}{subsection.D.1}% 89
\BOOKMARK [3][-]{subsubsection.D.1.6}{\376\377\000D\000a\000t\000a\000s\000e\000t\000\040\000C\000o\000n\000f\000i\000g\000u\000r\000a\000t\000i\000o\000n}{subsection.D.1}% 90
\BOOKMARK [3][-]{subsubsection.D.1.7}{\376\377\000S\000t\000a\000t\000i\000s\000t\000i\000c\000a\000l\000\040\000R\000e\000p\000l\000i\000c\000a\000t\000i\000o\000n}{subsection.D.1}% 91
\BOOKMARK [2][-]{subsection.D.2}{\376\377\000E\000x\000p\000e\000r\000i\000m\000e\000n\000t\000a\000l\000\040\000S\000e\000t\000u\000p}{appendix.D}% 92
\BOOKMARK [3][-]{subsubsection.D.2.1}{\376\377\000H\000a\000r\000d\000w\000a\000r\000e}{subsection.D.2}% 93
\BOOKMARK [3][-]{subsubsection.D.2.2}{\376\377\000S\000o\000f\000t\000w\000a\000r\000e\000\040\000D\000e\000p\000e\000n\000d\000e\000n\000c\000i\000e\000s}{subsection.D.2}% 94
\BOOKMARK [3][-]{subsubsection.D.2.3}{\376\377\000E\000v\000a\000l\000u\000a\000t\000i\000o\000n\000\040\000P\000r\000o\000t\000o\000c\000o\000l}{subsection.D.2}% 95
\BOOKMARK [1][-]{appendix.E}{\376\377\000L\000i\000m\000i\000t\000a\000t\000i\000o\000n\000s\000\040\000a\000n\000d\000\040\000F\000u\000t\000u\000r\000e\000\040\000W\000o\000r\000k}{}% 96
\BOOKMARK [2][-]{subsection.E.1}{\376\377\000L\000i\000m\000i\000t\000a\000t\000i\000o\000n\000s\000\040\000a\000n\000d\000\040\000A\000p\000p\000l\000i\000c\000a\000b\000i\000l\000i\000t\000y}{appendix.E}% 97
\BOOKMARK [2][-]{subsection.E.2}{\376\377\000P\000o\000s\000i\000t\000i\000o\000n\000i\000n\000g\000\040\000A\000m\000o\000n\000g\000\040\000B\000a\000n\000d\000i\000t\000-\000T\000y\000p\000e\000\040\000L\000L\000M\000\040\000R\000o\000u\000t\000e\000r\000s}{appendix.E}% 98
\BOOKMARK [2][-]{subsection.E.3}{\376\377\000B\000r\000o\000a\000d\000e\000r\000\040\000I\000m\000p\000a\000c\000t}{appendix.E}% 99
\BOOKMARK [2][-]{subsection.E.4}{\376\377\000E\000t\000h\000i\000c\000s\000\040\000S\000t\000a\000t\000e\000m\000e\000n\000t}{appendix.E}% 100
